{"level":"info","ts":1789588676.0669355,"msg":"maxprocs: Honoring GOMAXPROCS=\"4\" as set in environment"}
{"level":"info","ts":1789588676.0669603,"msg":"GOMEMLIMIT is updated","GOMEMLIMIT":29442897100,"previous":9223372036854775807}
{"level":"info","ts":1789588676.0669627,"msg":"using config from file","file":"Caddyfile"}
{"level":"info","ts":1789588676.066964,"msg":"adapted config to JSON","adapter":"caddyfile"}
{"level":"warn","ts":1789588676.0669646,"msg":"Caddyfile input is not formatted; run 'caddy fmt --overwrite' to fix inconsistencies","adapter":"caddyfile","file":"Caddyfile","line":4}
{"level":"warn","ts":1789588676.0669672,"logger":"admin","msg":"admin endpoint disabled"}
{"level":"info","ts":1789588676.0670838,"logger":"tls.cache.maintenance","msg":"started background certificate maintenance","cache":"0x358a8bc64080"}
{"level":"info","ts":1789588676.0671217,"logger":"http.auto_https","msg":"automatic HTTPS is completely disabled for server","server_name":"srv0"}
{"level":"info","ts":1789588676.0671287,"logger":"http.auto_https","msg":"automatic HTTPS is completely disabled for server","server_name":"srv1"}
{"level":"warn","ts":1789588676.0672536,"logger":"http","msg":"HTTP/2 skipped because it requires TLS","network":"tcp","addr":":8082"}
{"level":"warn","ts":1789588676.0672572,"logger":"http","msg":"HTTP/3 skipped because it requires TLS","network":"tcp","addr":":8082"}
{"level":"info","ts":1789588676.0672584,"logger":"http.log","msg":"server running","name":"srv0","protocols":["h1","h2","h3"]}
{"level":"info","ts":1789588676.0672696,"logger":"http","msg":"enabling HTTP/3 listener","addr":":8445"}
{"level":"info","ts":1789588676.0673006,"msg":"failed to sufficiently increase receive buffer size (was: 208 kiB, wanted: 7168 kiB, got: 416 kiB). See https://github.com/quic-go/quic-go/wiki/UDP-Buffer-Sizes for details."}
{"level":"info","ts":1789588676.067344,"logger":"http.log","msg":"server running","name":"srv1","protocols":["h1","h2","h3"]}
{"level":"info","ts":1789588676.0702262,"msg":"autosaved config (load with --resume flag)","file":"/home/dev/.config/caddy/autosave.json"}
{"level":"info","ts":1789588676.0702307,"msg":"serving initial configuration"}
{"level":"info","ts":1789588676.07229,"logger":"tls","msg":"storage cleaning happened too recently; skipping for now","storage":"FileStorage:/home/dev/.local/share/caddy","instance":"1769e8ac-f94b-43ab-91d8-f28739461d5e","try_again":1789675076.072289,"try_again_in":86399.99999977}
{"level":"info","ts":1789588676.0723338,"logger":"tls","msg":"finished cleaning storage units"}
{"level":"info","ts":1789588727.3436475,"msg":"shutting down apps, then terminating","signal":"SIGTERM"}
{"level":"warn","ts":1789588727.3436816,"msg":"exiting; byeee!! 👋","signal":"SIGTERM"}
{"level":"info","ts":1789588727.3437052,"logger":"http","msg":"servers shutting down with eternal grace period"}
{"level":"info","ts":1789588727.34377,"msg":"shutdown complete","signal":"SIGTERM","exit_code":0}
