{"level":"info","ts":1789457466.19479,"msg":"maxprocs: Leaving GOMAXPROCS=10: CPU quota undefined"}
{"level":"info","ts":1789457466.1949859,"msg":"GOMEMLIMIT is updated","GOMEMLIMIT":15461882265,"previous":9223372036854775807}
{"level":"info","ts":1789457466.1949928,"msg":"using config from file","file":"Caddyfile"}
{"level":"info","ts":1789457466.194997,"msg":"adapted config to JSON","adapter":"caddyfile"}
{"level":"warn","ts":1789457466.1950002,"msg":"Caddyfile input is not formatted; run 'caddy fmt --overwrite' to fix inconsistencies","adapter":"caddyfile","file":"Caddyfile","line":4}
{"level":"warn","ts":1789457466.195043,"logger":"admin","msg":"admin endpoint disabled"}
{"level":"info","ts":1789457466.1966321,"logger":"tls.cache.maintenance","msg":"started background certificate maintenance","cache":"0x40abd4d61680"}
{"level":"info","ts":1789457466.198611,"logger":"http.auto_https","msg":"automatic HTTPS is completely disabled for server","server_name":"srv0"}
{"level":"info","ts":1789457466.198626,"logger":"http.auto_https","msg":"automatic HTTPS is completely disabled for server","server_name":"srv1"}
{"level":"warn","ts":1789457466.199937,"logger":"http","msg":"HTTP/2 skipped because it requires TLS","network":"tcp","addr":":8082"}
{"level":"warn","ts":1789457466.1999428,"logger":"http","msg":"HTTP/3 skipped because it requires TLS","network":"tcp","addr":":8082"}
{"level":"info","ts":1789457466.199947,"logger":"http.log","msg":"server running","name":"srv0","protocols":["h1","h2","h3"]}
{"level":"info","ts":1789457466.200153,"logger":"http","msg":"enabling HTTP/3 listener","addr":":8445"}
{"level":"info","ts":1789457466.201304,"logger":"http.log","msg":"server running","name":"srv1","protocols":["h1","h2","h3"]}
{"level":"info","ts":1789457466.2031412,"msg":"autosaved config (load with --resume flag)","file":"/Users/yiannis/Library/Application Support/Caddy/autosave.json"}
{"level":"info","ts":1789457466.2031791,"msg":"serving initial configuration"}
{"level":"info","ts":1789457466.210081,"logger":"tls","msg":"storage cleaning happened too recently; skipping for now","storage":"FileStorage:/Users/yiannis/Library/Application Support/Caddy","instance":"f41b24cf-547b-46d1-9bc2-cd2caf1066ed","try_again":1789543866.21008,"try_again_in":86399.999999834}
{"level":"info","ts":1789457466.210207,"logger":"tls","msg":"finished cleaning storage units"}
{"level":"info","ts":1789457517.6677482,"msg":"shutting down apps, then terminating","signal":"SIGTERM"}
{"level":"warn","ts":1789457517.66798,"msg":"exiting; byeee!! 👋","signal":"SIGTERM"}
{"level":"info","ts":1789457517.6680262,"logger":"http","msg":"servers shutting down with eternal grace period"}
{"level":"info","ts":1789457517.6683362,"msg":"shutdown complete","signal":"SIGTERM","exit_code":0}
