{"level":"info","ts":1789566652.30003,"msg":"maxprocs: Honoring GOMAXPROCS=\"1\" as set in environment"}
{"level":"info","ts":1789566652.300127,"msg":"GOMEMLIMIT is updated","GOMEMLIMIT":15461882265,"previous":9223372036854775807}
{"level":"info","ts":1789566652.300134,"msg":"using config from file","file":"Caddyfile"}
{"level":"info","ts":1789566652.300138,"msg":"adapted config to JSON","adapter":"caddyfile"}
{"level":"warn","ts":1789566652.300142,"msg":"Caddyfile input is not formatted; run 'caddy fmt --overwrite' to fix inconsistencies","adapter":"caddyfile","file":"Caddyfile","line":4}
{"level":"warn","ts":1789566652.300159,"logger":"admin","msg":"admin endpoint disabled"}
{"level":"info","ts":1789566652.302465,"logger":"tls.cache.maintenance","msg":"started background certificate maintenance","cache":"0x2ed3b7e7e780"}
{"level":"info","ts":1789566652.3037739,"logger":"http.auto_https","msg":"automatic HTTPS is completely disabled for server","server_name":"srv0"}
{"level":"info","ts":1789566652.3037848,"logger":"http.auto_https","msg":"automatic HTTPS is completely disabled for server","server_name":"srv1"}
{"level":"warn","ts":1789566652.304505,"logger":"http","msg":"HTTP/2 skipped because it requires TLS","network":"tcp","addr":":8082"}
{"level":"warn","ts":1789566652.304513,"logger":"http","msg":"HTTP/3 skipped because it requires TLS","network":"tcp","addr":":8082"}
{"level":"info","ts":1789566652.304516,"logger":"http.log","msg":"server running","name":"srv0","protocols":["h1","h2","h3"]}
{"level":"info","ts":1789566652.3047051,"logger":"http","msg":"enabling HTTP/3 listener","addr":":8445"}
{"level":"info","ts":1789566652.305641,"logger":"http.log","msg":"server running","name":"srv1","protocols":["h1","h2","h3"]}
{"level":"info","ts":1789566652.305948,"msg":"autosaved config (load with --resume flag)","file":"/Users/yiannis/Library/Application Support/Caddy/autosave.json"}
{"level":"info","ts":1789566652.305953,"msg":"serving initial configuration"}
{"level":"info","ts":1789566652.312068,"logger":"tls","msg":"storage cleaning happened too recently; skipping for now","storage":"FileStorage:/Users/yiannis/Library/Application Support/Caddy","instance":"f41b24cf-547b-46d1-9bc2-cd2caf1066ed","try_again":1789653052.312068,"try_again_in":86399.999999875}
{"level":"info","ts":1789566652.312156,"logger":"tls","msg":"finished cleaning storage units"}
{"level":"info","ts":1789566705.122453,"msg":"shutting down apps, then terminating","signal":"SIGTERM"}
{"level":"warn","ts":1789566705.123209,"msg":"exiting; byeee!! 👋","signal":"SIGTERM"}
{"level":"info","ts":1789566705.123476,"logger":"http","msg":"servers shutting down with eternal grace period"}
{"level":"info","ts":1789566705.124063,"msg":"shutdown complete","signal":"SIGTERM","exit_code":0}
