{"level":"info","ts":1789563086.662574,"msg":"maxprocs: Honoring GOMAXPROCS=\"1\" as set in environment"}
{"level":"info","ts":1789563086.6627681,"msg":"GOMEMLIMIT is updated","GOMEMLIMIT":15461882265,"previous":9223372036854775807}
{"level":"info","ts":1789563086.662775,"msg":"using config from file","file":"Caddyfile"}
{"level":"info","ts":1789563086.6627798,"msg":"adapted config to JSON","adapter":"caddyfile"}
{"level":"warn","ts":1789563086.662784,"msg":"Caddyfile input is not formatted; run 'caddy fmt --overwrite' to fix inconsistencies","adapter":"caddyfile","file":"Caddyfile","line":4}
{"level":"warn","ts":1789563086.662832,"logger":"admin","msg":"admin endpoint disabled"}
{"level":"info","ts":1789563086.666212,"logger":"http.auto_https","msg":"automatic HTTPS is completely disabled for server","server_name":"srv0"}
{"level":"info","ts":1789563086.666223,"logger":"http.auto_https","msg":"automatic HTTPS is completely disabled for server","server_name":"srv1"}
{"level":"warn","ts":1789563086.66764,"logger":"http","msg":"HTTP/2 skipped because it requires TLS","network":"tcp","addr":":8082"}
{"level":"warn","ts":1789563086.667646,"logger":"http","msg":"HTTP/3 skipped because it requires TLS","network":"tcp","addr":":8082"}
{"level":"info","ts":1789563086.66765,"logger":"http.log","msg":"server running","name":"srv0","protocols":["h1","h2","h3"]}
{"level":"info","ts":1789563086.667826,"logger":"http","msg":"enabling HTTP/3 listener","addr":":8445"}
{"level":"info","ts":1789563086.669112,"logger":"http.log","msg":"server running","name":"srv1","protocols":["h1","h2","h3"]}
{"level":"info","ts":1789563086.6696289,"msg":"autosaved config (load with --resume flag)","file":"/Users/yiannis/Library/Application Support/Caddy/autosave.json"}
{"level":"info","ts":1789563086.669634,"msg":"serving initial configuration"}
{"level":"info","ts":1789563086.6827168,"logger":"tls.cache.maintenance","msg":"started background certificate maintenance","cache":"0x3174fba9e780"}
{"level":"info","ts":1789563086.687559,"logger":"tls","msg":"cleaning storage unit","storage":"FileStorage:/Users/yiannis/Library/Application Support/Caddy"}
{"level":"info","ts":1789563086.693144,"logger":"tls","msg":"finished cleaning storage units"}
{"level":"info","ts":1789563139.56861,"msg":"shutting down apps, then terminating","signal":"SIGTERM"}
{"level":"warn","ts":1789563139.568854,"msg":"exiting; byeee!! 👋","signal":"SIGTERM"}
{"level":"info","ts":1789563139.569118,"logger":"http","msg":"servers shutting down with eternal grace period"}
{"level":"info","ts":1789563139.5697129,"msg":"shutdown complete","signal":"SIGTERM","exit_code":0}
