{"level":"info","ts":1790182116.3283956,"msg":"maxprocs: Honoring GOMAXPROCS=\"1\" as set in environment"}
{"level":"info","ts":1790182116.328423,"msg":"GOMEMLIMIT is updated","GOMEMLIMIT":29442897100,"previous":9223372036854775807}
{"level":"info","ts":1790182116.3284252,"msg":"using config from file","file":"Caddyfile"}
{"level":"info","ts":1790182116.3284266,"msg":"adapted config to JSON","adapter":"caddyfile"}
{"level":"warn","ts":1790182116.3284273,"msg":"Caddyfile input is not formatted; run 'caddy fmt --overwrite' to fix inconsistencies","adapter":"caddyfile","file":"Caddyfile","line":4}
{"level":"warn","ts":1790182116.3284774,"logger":"admin","msg":"admin endpoint disabled"}
{"level":"info","ts":1790182116.3288696,"logger":"http.auto_https","msg":"automatic HTTPS is completely disabled for server","server_name":"srv0"}
{"level":"info","ts":1790182116.3288763,"logger":"http.auto_https","msg":"automatic HTTPS is completely disabled for server","server_name":"srv1"}
{"level":"warn","ts":1790182116.3292294,"logger":"http","msg":"HTTP/2 skipped because it requires TLS","network":"tcp","addr":":8082"}
{"level":"info","ts":1790182116.3292334,"logger":"http.log","msg":"server running","name":"srv0","protocols":["h1","h2","h2c"]}
{"level":"info","ts":1790182116.329245,"logger":"http.log","msg":"server running","name":"srv1","protocols":["h1","h2","h2c"]}
{"level":"info","ts":1790182116.329501,"msg":"autosaved config (load with --resume flag)","file":"/home/dev/.config/caddy/autosave.json"}
{"level":"info","ts":1790182116.3295083,"msg":"serving initial configuration"}
{"level":"info","ts":1790182116.332115,"logger":"tls","msg":"cleaning storage unit","storage":"FileStorage:/home/dev/.local/share/caddy"}
{"level":"info","ts":1790182116.333959,"logger":"tls","msg":"finished cleaning storage units"}
{"level":"info","ts":1790182116.3341756,"logger":"tls.cache.maintenance","msg":"started background certificate maintenance","cache":"0x1495243c000"}
{"level":"info","ts":1790182159.457918,"msg":"shutting down apps, then terminating","signal":"SIGTERM"}
{"level":"warn","ts":1790182159.4579415,"msg":"exiting; byeee!! 👋","signal":"SIGTERM"}
{"level":"info","ts":1790182159.4579778,"logger":"http","msg":"servers shutting down with eternal grace period"}
{"level":"info","ts":1790182159.4580371,"msg":"shutdown complete","signal":"SIGTERM","exit_code":0}
