{"level":"info","ts":1789437479.8794072,"msg":"maxprocs: Leaving GOMAXPROCS=10: CPU quota undefined"}
{"level":"info","ts":1789437479.879485,"msg":"GOMEMLIMIT is updated","GOMEMLIMIT":15461882265,"previous":9223372036854775807}
{"level":"info","ts":1789437479.879492,"msg":"using config from file","file":"Caddyfile"}
{"level":"info","ts":1789437479.8794959,"msg":"adapted config to JSON","adapter":"caddyfile"}
{"level":"warn","ts":1789437479.879499,"msg":"Caddyfile input is not formatted; run 'caddy fmt --overwrite' to fix inconsistencies","adapter":"caddyfile","file":"Caddyfile","line":4}
{"level":"warn","ts":1789437479.8795168,"logger":"admin","msg":"admin endpoint disabled"}
{"level":"info","ts":1789437479.88076,"logger":"http.auto_https","msg":"automatic HTTPS is completely disabled for server","server_name":"srv0"}
{"level":"info","ts":1789437479.8807712,"logger":"http.auto_https","msg":"automatic HTTPS is completely disabled for server","server_name":"srv1"}
{"level":"info","ts":1789437479.8810828,"logger":"tls.cache.maintenance","msg":"started background certificate maintenance","cache":"0x2af3cfd14f00"}
{"level":"warn","ts":1789437479.88235,"logger":"http","msg":"HTTP/2 skipped because it requires TLS","network":"tcp","addr":":8082"}
{"level":"warn","ts":1789437479.882357,"logger":"http","msg":"HTTP/3 skipped because it requires TLS","network":"tcp","addr":":8082"}
{"level":"info","ts":1789437479.8823612,"logger":"http.log","msg":"server running","name":"srv0","protocols":["h1","h2","h3"]}
{"level":"info","ts":1789437479.8825989,"logger":"http","msg":"enabling HTTP/3 listener","addr":":8445"}
{"level":"info","ts":1789437479.883789,"logger":"http.log","msg":"server running","name":"srv1","protocols":["h1","h2","h3"]}
{"level":"info","ts":1789437479.884733,"msg":"autosaved config (load with --resume flag)","file":"/Users/yiannis/Library/Application Support/Caddy/autosave.json"}
{"level":"info","ts":1789437479.8847392,"msg":"serving initial configuration"}
{"level":"info","ts":1789437479.89072,"logger":"tls","msg":"storage cleaning happened too recently; skipping for now","storage":"FileStorage:/Users/yiannis/Library/Application Support/Caddy","instance":"f41b24cf-547b-46d1-9bc2-cd2caf1066ed","try_again":1789523879.890719,"try_again_in":86399.999999875}
{"level":"info","ts":1789437479.891139,"logger":"tls","msg":"finished cleaning storage units"}
{"level":"info","ts":1789437631.448739,"msg":"shutting down apps, then terminating","signal":"SIGTERM"}
{"level":"warn","ts":1789437631.448965,"msg":"exiting; byeee!! 👋","signal":"SIGTERM"}
{"level":"info","ts":1789437631.449,"logger":"http","msg":"servers shutting down with eternal grace period"}
{"level":"info","ts":1789437631.4493618,"msg":"shutdown complete","signal":"SIGTERM","exit_code":0}
