{"level":"info","ts":1790263773.834385,"msg":"maxprocs: Honoring GOMAXPROCS=\"1\" as set in environment"}
{"level":"info","ts":1790263773.8344133,"msg":"GOMEMLIMIT is updated","GOMEMLIMIT":29442897100,"previous":9223372036854775807}
{"level":"info","ts":1790263773.8344164,"msg":"using config from file","file":"Caddyfile"}
{"level":"info","ts":1790263773.8344176,"msg":"adapted config to JSON","adapter":"caddyfile"}
{"level":"warn","ts":1790263773.8344185,"msg":"Caddyfile input is not formatted; run 'caddy fmt --overwrite' to fix inconsistencies","adapter":"caddyfile","file":"Caddyfile","line":4}
{"level":"warn","ts":1790263773.834874,"logger":"admin","msg":"admin endpoint disabled"}
{"level":"info","ts":1790263773.835274,"logger":"http.auto_https","msg":"automatic HTTPS is completely disabled for server","server_name":"srv0"}
{"level":"info","ts":1790263773.8352804,"logger":"http.auto_https","msg":"automatic HTTPS is completely disabled for server","server_name":"srv1"}
{"level":"info","ts":1790263773.835628,"logger":"http.log","msg":"server running","name":"srv1","protocols":["h1","h2","h2c"]}
{"level":"warn","ts":1790263773.8356428,"logger":"http","msg":"HTTP/2 skipped because it requires TLS","network":"tcp","addr":":8082"}
{"level":"info","ts":1790263773.8356447,"logger":"http.log","msg":"server running","name":"srv0","protocols":["h1","h2","h2c"]}
{"level":"info","ts":1790263773.8359275,"msg":"autosaved config (load with --resume flag)","file":"/home/dev/.config/caddy/autosave.json"}
{"level":"info","ts":1790263773.835932,"msg":"serving initial configuration"}
{"level":"info","ts":1790263773.840772,"logger":"tls","msg":"cleaning storage unit","storage":"FileStorage:/home/dev/.local/share/caddy"}
{"level":"info","ts":1790263773.842719,"logger":"tls","msg":"finished cleaning storage units"}
{"level":"info","ts":1790263773.8428864,"logger":"tls.cache.maintenance","msg":"started background certificate maintenance","cache":"0x1b66b69bc780"}
{"level":"info","ts":1790263774.460972,"msg":"shutting down apps, then terminating","signal":"SIGTERM"}
{"level":"warn","ts":1790263774.4610033,"msg":"exiting; byeee!! 👋","signal":"SIGTERM"}
{"level":"info","ts":1790263774.4610398,"logger":"http","msg":"servers shutting down with eternal grace period"}
{"level":"info","ts":1790263774.4611313,"msg":"shutdown complete","signal":"SIGTERM","exit_code":0}
