{"level":"info","ts":1789459306.511703,"msg":"maxprocs: Honoring GOMAXPROCS=\"1\" as set in environment"}
{"level":"info","ts":1789459306.511774,"msg":"GOMEMLIMIT is updated","GOMEMLIMIT":15461882265,"previous":9223372036854775807}
{"level":"info","ts":1789459306.5117812,"msg":"using config from file","file":"Caddyfile"}
{"level":"info","ts":1789459306.511785,"msg":"adapted config to JSON","adapter":"caddyfile"}
{"level":"warn","ts":1789459306.5117881,"msg":"Caddyfile input is not formatted; run 'caddy fmt --overwrite' to fix inconsistencies","adapter":"caddyfile","file":"Caddyfile","line":4}
{"level":"warn","ts":1789459306.511806,"logger":"admin","msg":"admin endpoint disabled"}
{"level":"info","ts":1789459306.513592,"logger":"http.auto_https","msg":"automatic HTTPS is completely disabled for server","server_name":"srv0"}
{"level":"info","ts":1789459306.513603,"logger":"http.auto_https","msg":"automatic HTTPS is completely disabled for server","server_name":"srv1"}
{"level":"warn","ts":1789459306.514967,"logger":"http","msg":"HTTP/2 skipped because it requires TLS","network":"tcp","addr":":8082"}
{"level":"warn","ts":1789459306.514973,"logger":"http","msg":"HTTP/3 skipped because it requires TLS","network":"tcp","addr":":8082"}
{"level":"info","ts":1789459306.514977,"logger":"http.log","msg":"server running","name":"srv0","protocols":["h1","h2","h3"]}
{"level":"info","ts":1789459306.515158,"logger":"http","msg":"enabling HTTP/3 listener","addr":":8445"}
{"level":"info","ts":1789459306.516532,"logger":"http.log","msg":"server running","name":"srv1","protocols":["h1","h2","h3"]}
{"level":"info","ts":1789459306.516902,"msg":"autosaved config (load with --resume flag)","file":"/Users/yiannis/Library/Application Support/Caddy/autosave.json"}
{"level":"info","ts":1789459306.516907,"msg":"serving initial configuration"}
{"level":"info","ts":1789459306.5253088,"logger":"tls.cache.maintenance","msg":"started background certificate maintenance","cache":"0x20728842e680"}
{"level":"info","ts":1789459306.528254,"logger":"tls","msg":"storage cleaning happened too recently; skipping for now","storage":"FileStorage:/Users/yiannis/Library/Application Support/Caddy","instance":"f41b24cf-547b-46d1-9bc2-cd2caf1066ed","try_again":1789545706.528254,"try_again_in":86399.999999833}
{"level":"info","ts":1789459306.5283551,"logger":"tls","msg":"finished cleaning storage units"}
{"level":"info","ts":1789459358.25212,"msg":"shutting down apps, then terminating","signal":"SIGTERM"}
{"level":"warn","ts":1789459358.2526238,"msg":"exiting; byeee!! 👋","signal":"SIGTERM"}
{"level":"info","ts":1789459358.252673,"logger":"http","msg":"servers shutting down with eternal grace period"}
{"level":"info","ts":1789459358.253243,"msg":"shutdown complete","signal":"SIGTERM","exit_code":0}
