{"level":"info","ts":1789588831.5379553,"msg":"maxprocs: Leaving GOMAXPROCS=24: CPU quota undefined"}
{"level":"info","ts":1789588831.5379815,"msg":"GOMEMLIMIT is updated","GOMEMLIMIT":29442897100,"previous":9223372036854775807}
{"level":"info","ts":1789588831.537984,"msg":"using config from file","file":"Caddyfile"}
{"level":"info","ts":1789588831.537986,"msg":"adapted config to JSON","adapter":"caddyfile"}
{"level":"warn","ts":1789588831.5379875,"msg":"Caddyfile input is not formatted; run 'caddy fmt --overwrite' to fix inconsistencies","adapter":"caddyfile","file":"Caddyfile","line":4}
{"level":"warn","ts":1789588831.5379899,"logger":"admin","msg":"admin endpoint disabled"}
{"level":"info","ts":1789588831.538104,"logger":"tls.cache.maintenance","msg":"started background certificate maintenance","cache":"0x20ded98e0880"}
{"level":"info","ts":1789588831.5381365,"logger":"http.auto_https","msg":"automatic HTTPS is completely disabled for server","server_name":"srv0"}
{"level":"info","ts":1789588831.538143,"logger":"http.auto_https","msg":"automatic HTTPS is completely disabled for server","server_name":"srv1"}
{"level":"warn","ts":1789588831.538271,"logger":"http","msg":"HTTP/2 skipped because it requires TLS","network":"tcp","addr":":8082"}
{"level":"warn","ts":1789588831.5382748,"logger":"http","msg":"HTTP/3 skipped because it requires TLS","network":"tcp","addr":":8082"}
{"level":"info","ts":1789588831.5382762,"logger":"http.log","msg":"server running","name":"srv0","protocols":["h1","h2","h3"]}
{"level":"info","ts":1789588831.5382879,"logger":"http","msg":"enabling HTTP/3 listener","addr":":8445"}
{"level":"info","ts":1789588831.5383189,"msg":"failed to sufficiently increase receive buffer size (was: 208 kiB, wanted: 7168 kiB, got: 416 kiB). See https://github.com/quic-go/quic-go/wiki/UDP-Buffer-Sizes for details."}
{"level":"info","ts":1789588831.538362,"logger":"http.log","msg":"server running","name":"srv1","protocols":["h1","h2","h3"]}
{"level":"info","ts":1789588831.5416307,"msg":"autosaved config (load with --resume flag)","file":"/home/dev/.config/caddy/autosave.json"}
{"level":"info","ts":1789588831.5416436,"msg":"serving initial configuration"}
{"level":"info","ts":1789588831.5435824,"logger":"tls","msg":"storage cleaning happened too recently; skipping for now","storage":"FileStorage:/home/dev/.local/share/caddy","instance":"1769e8ac-f94b-43ab-91d8-f28739461d5e","try_again":1789675231.5435805,"try_again_in":86399.99999978}
{"level":"info","ts":1789588831.5436177,"logger":"tls","msg":"finished cleaning storage units"}
{"level":"info","ts":1789588882.835125,"msg":"shutting down apps, then terminating","signal":"SIGTERM"}
{"level":"warn","ts":1789588882.8351543,"msg":"exiting; byeee!! 👋","signal":"SIGTERM"}
{"level":"info","ts":1789588882.835178,"logger":"http","msg":"servers shutting down with eternal grace period"}
{"level":"info","ts":1789588882.8352695,"msg":"shutdown complete","signal":"SIGTERM","exit_code":0}
