{"level":"info","ts":1789588520.683866,"msg":"maxprocs: Honoring GOMAXPROCS=\"2\" as set in environment"}
{"level":"info","ts":1789588520.6838884,"msg":"GOMEMLIMIT is updated","GOMEMLIMIT":29442897100,"previous":9223372036854775807}
{"level":"info","ts":1789588520.683891,"msg":"using config from file","file":"Caddyfile"}
{"level":"info","ts":1789588520.6838923,"msg":"adapted config to JSON","adapter":"caddyfile"}
{"level":"warn","ts":1789588520.683893,"msg":"Caddyfile input is not formatted; run 'caddy fmt --overwrite' to fix inconsistencies","adapter":"caddyfile","file":"Caddyfile","line":4}
{"level":"warn","ts":1789588520.6838953,"logger":"admin","msg":"admin endpoint disabled"}
{"level":"info","ts":1789588520.684015,"logger":"tls.cache.maintenance","msg":"started background certificate maintenance","cache":"0x27963306f100"}
{"level":"info","ts":1789588520.6840491,"logger":"http.auto_https","msg":"automatic HTTPS is completely disabled for server","server_name":"srv0"}
{"level":"info","ts":1789588520.6840563,"logger":"http.auto_https","msg":"automatic HTTPS is completely disabled for server","server_name":"srv1"}
{"level":"warn","ts":1789588520.6842015,"logger":"http","msg":"HTTP/2 skipped because it requires TLS","network":"tcp","addr":":8082"}
{"level":"warn","ts":1789588520.684205,"logger":"http","msg":"HTTP/3 skipped because it requires TLS","network":"tcp","addr":":8082"}
{"level":"info","ts":1789588520.6842062,"logger":"http.log","msg":"server running","name":"srv0","protocols":["h1","h2","h3"]}
{"level":"info","ts":1789588520.6842198,"logger":"http","msg":"enabling HTTP/3 listener","addr":":8445"}
{"level":"info","ts":1789588520.6842518,"msg":"failed to sufficiently increase receive buffer size (was: 208 kiB, wanted: 7168 kiB, got: 416 kiB). See https://github.com/quic-go/quic-go/wiki/UDP-Buffer-Sizes for details."}
{"level":"info","ts":1789588520.6842837,"logger":"http.log","msg":"server running","name":"srv1","protocols":["h1","h2","h3"]}
{"level":"info","ts":1789588520.687149,"msg":"autosaved config (load with --resume flag)","file":"/home/dev/.config/caddy/autosave.json"}
{"level":"info","ts":1789588520.6871617,"msg":"serving initial configuration"}
{"level":"info","ts":1789588520.6892073,"logger":"tls","msg":"storage cleaning happened too recently; skipping for now","storage":"FileStorage:/home/dev/.local/share/caddy","instance":"1769e8ac-f94b-43ab-91d8-f28739461d5e","try_again":1789674920.6892066,"try_again_in":86399.999999799}
{"level":"info","ts":1789588520.6892378,"logger":"tls","msg":"finished cleaning storage units"}
{"level":"info","ts":1789588571.9622223,"msg":"shutting down apps, then terminating","signal":"SIGTERM"}
{"level":"warn","ts":1789588571.962254,"msg":"exiting; byeee!! 👋","signal":"SIGTERM"}
{"level":"info","ts":1789588571.9622772,"logger":"http","msg":"servers shutting down with eternal grace period"}
{"level":"info","ts":1789588571.9623408,"msg":"shutdown complete","signal":"SIGTERM","exit_code":0}
