{"level":"info","ts":1790194353.0972466,"msg":"maxprocs: Honoring GOMAXPROCS=\"4\" as set in environment"}
{"level":"info","ts":1790194353.097278,"msg":"GOMEMLIMIT is updated","GOMEMLIMIT":29442897100,"previous":9223372036854775807}
{"level":"info","ts":1790194353.0972805,"msg":"using config from file","file":"Caddyfile"}
{"level":"info","ts":1790194353.097282,"msg":"adapted config to JSON","adapter":"caddyfile"}
{"level":"warn","ts":1790194353.097283,"msg":"Caddyfile input is not formatted; run 'caddy fmt --overwrite' to fix inconsistencies","adapter":"caddyfile","file":"Caddyfile","line":4}
{"level":"warn","ts":1790194353.0973303,"logger":"admin","msg":"admin endpoint disabled"}
{"level":"info","ts":1790194353.0977054,"logger":"tls.cache.maintenance","msg":"started background certificate maintenance","cache":"0xd721f136b00"}
{"level":"info","ts":1790194353.0977323,"logger":"http.auto_https","msg":"automatic HTTPS is completely disabled for server","server_name":"srv0"}
{"level":"info","ts":1790194353.0977407,"logger":"http.auto_https","msg":"automatic HTTPS is completely disabled for server","server_name":"srv1"}
{"level":"warn","ts":1790194353.0980914,"logger":"http","msg":"HTTP/2 skipped because it requires TLS","network":"tcp","addr":":8082"}
{"level":"info","ts":1790194353.0980957,"logger":"http.log","msg":"server running","name":"srv0","protocols":["h1","h2","h2c"]}
{"level":"info","ts":1790194353.0981102,"logger":"http.log","msg":"server running","name":"srv1","protocols":["h1","h2","h2c"]}
{"level":"info","ts":1790194353.0983233,"msg":"autosaved config (load with --resume flag)","file":"/home/dev/.config/caddy/autosave.json"}
{"level":"info","ts":1790194353.0983274,"msg":"serving initial configuration"}
{"level":"info","ts":1790194353.1029322,"logger":"tls","msg":"cleaning storage unit","storage":"FileStorage:/home/dev/.local/share/caddy"}
{"level":"info","ts":1790194353.1049,"logger":"tls","msg":"finished cleaning storage units"}
{"level":"info","ts":1790194396.4944487,"msg":"shutting down apps, then terminating","signal":"SIGTERM"}
{"level":"warn","ts":1790194396.4944985,"msg":"exiting; byeee!! 👋","signal":"SIGTERM"}
{"level":"info","ts":1790194396.4945955,"logger":"http","msg":"servers shutting down with eternal grace period"}
{"level":"info","ts":1790194396.4947126,"msg":"shutdown complete","signal":"SIGTERM","exit_code":0}
