{"level":"info","ts":1789434488.096905,"msg":"maxprocs: Leaving GOMAXPROCS=10: CPU quota undefined"}
{"level":"info","ts":1789434488.09711,"msg":"GOMEMLIMIT is updated","GOMEMLIMIT":15461882265,"previous":9223372036854775807}
{"level":"info","ts":1789434488.09712,"msg":"using config from file","file":"Caddyfile"}
{"level":"info","ts":1789434488.097124,"msg":"adapted config to JSON","adapter":"caddyfile"}
{"level":"warn","ts":1789434488.097127,"msg":"Caddyfile input is not formatted; run 'caddy fmt --overwrite' to fix inconsistencies","adapter":"caddyfile","file":"Caddyfile","line":4}
{"level":"warn","ts":1789434488.0971441,"logger":"admin","msg":"admin endpoint disabled"}
{"level":"info","ts":1789434488.098502,"logger":"tls.cache.maintenance","msg":"started background certificate maintenance","cache":"0x18a037d5bc80"}
{"level":"info","ts":1789434488.0995991,"logger":"http.auto_https","msg":"automatic HTTPS is completely disabled for server","server_name":"srv0"}
{"level":"info","ts":1789434488.0996091,"logger":"http.auto_https","msg":"automatic HTTPS is completely disabled for server","server_name":"srv1"}
{"level":"warn","ts":1789434488.101242,"logger":"http","msg":"HTTP/2 skipped because it requires TLS","network":"tcp","addr":":8082"}
{"level":"warn","ts":1789434488.101254,"logger":"http","msg":"HTTP/3 skipped because it requires TLS","network":"tcp","addr":":8082"}
{"level":"info","ts":1789434488.10126,"logger":"http.log","msg":"server running","name":"srv0","protocols":["h1","h2","h3"]}
{"level":"info","ts":1789434488.102256,"logger":"http","msg":"enabling HTTP/3 listener","addr":":8445"}
{"level":"info","ts":1789434488.1039271,"logger":"http.log","msg":"server running","name":"srv1","protocols":["h1","h2","h3"]}
{"level":"info","ts":1789434488.108007,"msg":"autosaved config (load with --resume flag)","file":"/Users/yiannis/Library/Application Support/Caddy/autosave.json"}
{"level":"info","ts":1789434488.108015,"msg":"serving initial configuration"}
{"level":"info","ts":1789434488.10812,"logger":"tls","msg":"storage cleaning happened too recently; skipping for now","storage":"FileStorage:/Users/yiannis/Library/Application Support/Caddy","instance":"f41b24cf-547b-46d1-9bc2-cd2caf1066ed","try_again":1789520888.108119,"try_again_in":86399.999999875}
{"level":"info","ts":1789434488.108844,"logger":"tls","msg":"finished cleaning storage units"}
{"level":"info","ts":1789434639.6591082,"msg":"shutting down apps, then terminating","signal":"SIGTERM"}
{"level":"warn","ts":1789434639.659476,"msg":"exiting; byeee!! 👋","signal":"SIGTERM"}
{"level":"info","ts":1789434639.659508,"logger":"http","msg":"servers shutting down with eternal grace period"}
{"level":"info","ts":1789434639.659803,"msg":"shutdown complete","signal":"SIGTERM","exit_code":0}
