{"level":"info","ts":1789588365.3380735,"msg":"maxprocs: Honoring GOMAXPROCS=\"1\" as set in environment"}
{"level":"info","ts":1789588365.3380997,"msg":"GOMEMLIMIT is updated","GOMEMLIMIT":29442897100,"previous":9223372036854775807}
{"level":"info","ts":1789588365.3381023,"msg":"using config from file","file":"Caddyfile"}
{"level":"info","ts":1789588365.3381038,"msg":"adapted config to JSON","adapter":"caddyfile"}
{"level":"warn","ts":1789588365.3381045,"msg":"Caddyfile input is not formatted; run 'caddy fmt --overwrite' to fix inconsistencies","adapter":"caddyfile","file":"Caddyfile","line":4}
{"level":"warn","ts":1789588365.3381066,"logger":"admin","msg":"admin endpoint disabled"}
{"level":"info","ts":1789588365.338251,"logger":"http.auto_https","msg":"automatic HTTPS is completely disabled for server","server_name":"srv0"}
{"level":"info","ts":1789588365.3382573,"logger":"http.auto_https","msg":"automatic HTTPS is completely disabled for server","server_name":"srv1"}
{"level":"warn","ts":1789588365.3383949,"logger":"http","msg":"HTTP/2 skipped because it requires TLS","network":"tcp","addr":":8082"}
{"level":"warn","ts":1789588365.3383994,"logger":"http","msg":"HTTP/3 skipped because it requires TLS","network":"tcp","addr":":8082"}
{"level":"info","ts":1789588365.3384006,"logger":"http.log","msg":"server running","name":"srv0","protocols":["h1","h2","h3"]}
{"level":"info","ts":1789588365.3384104,"logger":"http","msg":"enabling HTTP/3 listener","addr":":8445"}
{"level":"info","ts":1789588365.3384385,"msg":"failed to sufficiently increase receive buffer size (was: 208 kiB, wanted: 7168 kiB, got: 416 kiB). See https://github.com/quic-go/quic-go/wiki/UDP-Buffer-Sizes for details."}
{"level":"info","ts":1789588365.3384657,"logger":"http.log","msg":"server running","name":"srv1","protocols":["h1","h2","h3"]}
{"level":"info","ts":1789588365.3385758,"msg":"autosaved config (load with --resume flag)","file":"/home/dev/.config/caddy/autosave.json"}
{"level":"info","ts":1789588365.33858,"msg":"serving initial configuration"}
{"level":"info","ts":1789588365.3387072,"logger":"tls.cache.maintenance","msg":"started background certificate maintenance","cache":"0xae9914e0280"}
{"level":"info","ts":1789588365.34383,"logger":"tls","msg":"cleaning storage unit","storage":"FileStorage:/home/dev/.local/share/caddy"}
{"level":"info","ts":1789588365.3459387,"logger":"tls","msg":"finished cleaning storage units"}
{"level":"info","ts":1789588416.4489524,"msg":"shutting down apps, then terminating","signal":"SIGTERM"}
{"level":"warn","ts":1789588416.448982,"msg":"exiting; byeee!! 👋","signal":"SIGTERM"}
{"level":"info","ts":1789588416.4490073,"logger":"http","msg":"servers shutting down with eternal grace period"}
{"level":"info","ts":1789588416.4490986,"msg":"shutdown complete","signal":"SIGTERM","exit_code":0}
