=== agensio / baseline-h2c / 512c (tool=h2load) ===
==============================================
[info] waiting for server...
[info] server ready

[run 1/3]
starting benchmark...
Application protocol: h2c

finished in 5.13s, 8179451.00 req/s, 522.64MB/s
requests: 40897255 total, 40948455 started, 40897255 done, 40897255 succeeded, 0 failed, 0 errored, 0 timeout
status codes: 40897255 2xx, 0 3xx, 0 4xx, 0 5xx
traffic: 2.55GB (2740150389) total, 1.83GB (1963068240) headers (space savings 48.39%), 39.00MB (40897255) data
                     min         max         mean         sd        +/- sd
time for request:      108us    107.80ms      3.75ms      5.29ms    98.63%
time for connect:       25us      2.07ms       662us       514us    65.82%
time to 1st byte:     6.29ms    109.40ms     35.75ms     23.14ms    71.29%
req/s           :   14430.33    17172.98    15970.28      607.78    82.42%
[info] CPU 886.5% | Mem 94MiB

[run 2/3]
starting benchmark...
3.
Application protocol: h2c

finished in 5.16s, 8357860.00 req/s, 534.04MB/s
requests: 41789300 total, 41840500 started, 41789300 done, 41789300 succeeded, 0 failed, 0 errored, 0 timeout
status codes: 41789300 2xx, 0 3xx, 0 4xx, 0 5xx
traffic: 2.61GB (2799917404) total, 1.87GB (2005886400) headers (space savings 48.39%), 39.85MB (41789300) data
                     min         max         mean         sd        +/- sd
time for request:      474us     13.14ms      3.14ms       601us    86.60%
time for connect:       26us      2.26ms       684us       523us    66.41%
time to 1st byte:     2.95ms     11.38ms      6.19ms      1.47ms    63.09%
req/s           :   15352.93    16792.87    16317.32      300.88    73.44%
[info] CPU 1038.8% | Mem 103MiB

[run 3/3]
starting benchmark...
Application protocol: h2c

finished in 5.14s, 8326285.00 req/s, 532.02MB/s
requests: 41631425 total, 41682625 started, 41631425 done, 41631425 succeeded, 0 failed, 0 errored, 0 timeout
status codes: 41631425 2xx, 0 3xx, 0 4xx, 0 5xx
traffic: 2.60GB (2789339779) total, 1.86GB (1998308400) headers (space savings 48.39%), 39.70MB (41631425) data
                     min         max         mean         sd        +/- sd
time for request:      375us     12.48ms      3.18ms       692us    86.48%
time for connect:       26us     25.71ms       698us      1.21ms    98.63%
time to 1st byte:     2.90ms     30.64ms      6.36ms      2.18ms    75.39%
req/s           :   15551.38    16672.62    16252.96      234.95    65.43%
[info] CPU 950.4% | Mem 103MiB

=== Best: 8099499 req/s (CPU: 950.4%, Mem: 103MiB) ===
[info] dry-run — not saving (use --save to persist)
httparena-bench-agensio
httparena-bench-agensio
[info] done
[info] restoring loopback MTU to 65536
