=== agensio / pipelined / 512c (tool=gcannon) ===
==============================================
[info] waiting for server...
[info] server ready

[run 1/3]
gcannon v0.6.1
  Target:    localhost:8080/pipeline
  Threads:   12
  Conns:     512 (43/thread)
  Pipeline:  16
  Req/conn:  unlimited (keep-alive)
  Expected:  200
  Duration:  5s


  Thread Stats   Avg      p50      p90      p99    p99.9
    Latency   1.72ms   1.18ms   3.81ms   7.33ms   11.60ms

  23952353 requests in 5.00s, 23944836 responses
  Throughput: 4.79M req/s
  Bandwidth:  1018.08MB/s
  Status codes: 2xx=23944836, 3xx=0, 4xx=0, 5xx=0
  Latency samples: 23944836 / 23944836 responses (100.0%)
[info] CPU 1472.2% | Mem 40MiB

[run 2/3]
gcannon v0.6.1
  Target:    localhost:8080/pipeline
  Threads:   12
  Conns:     512 (43/thread)
  Pipeline:  16
  Req/conn:  unlimited (keep-alive)
  Expected:  200
  Duration:  5s


  Thread Stats   Avg      p50      p90      p99    p99.9
    Latency   1.68ms   1.14ms   3.83ms   7.43ms   10.50ms

  24473087 requests in 5.00s, 24465591 responses
  Throughput: 4.89M req/s
  Bandwidth:  1.02GB/s
  Status codes: 2xx=24465591, 3xx=0, 4xx=0, 5xx=0
  Latency samples: 24465591 / 24465591 responses (100.0%)
[info] CPU 1608.1% | Mem 41MiB

[run 3/3]
gcannon v0.6.1
  Target:    localhost:8080/pipeline
  Threads:   12
  Conns:     512 (43/thread)
  Pipeline:  16
  Req/conn:  unlimited (keep-alive)
  Expected:  200
  Duration:  5s


  Thread Stats   Avg      p50      p90      p99    p99.9
    Latency   1.66ms   1.14ms   3.80ms   7.43ms   10.70ms

  24763478 requests in 5.00s, 24755985 responses
  Throughput: 4.95M req/s
  Bandwidth:  1.03GB/s
  Status codes: 2xx=24755985, 3xx=0, 4xx=0, 5xx=0
  Latency samples: 24755985 / 24755985 responses (100.0%)
[info] CPU 1535.1% | Mem 43MiB

=== Best: 4951197 req/s (CPU: 1535.1%, Mem: 43MiB) ===
[info] dry-run — not saving (use --save to persist)
httparena-bench-agensio
httparena-bench-agensio
[info] skip: agensio does not subscribe to limited-conn
[info] skip: agensio does not subscribe to json-comp
[info] skip: agensio does not subscribe to 8gbit
[info] skip: agensio does not subscribe to async-db
[info] skip: agensio does not subscribe to baseline-h2

==============================================
=== agensio / static-h2 / 512c (tool=h2load) ===
==============================================
[info] waiting for server...
[info] server ready

[run 1/3]
starting benchmark...




2.
TLS Protocol: TLSv1.3
Cipher: TLS_AES_128_GCM_SHA256
Server Temp Key: X25519 253 bits
Application protocol: h2


finished in 5.20s, 968093.80 req/s, 14.80GB/s
requests: 4840469 total, 4856853 started, 4840469 done, 4840469 succeeded, 0 failed, 0 errored, 0 timeout
status codes: 4840472 2xx, 0 3xx, 0 4xx, 0 5xx
traffic: 74.00GB (79451595736) total, 555.82MB (582817021) headers (space savings 43.73%), 73.35GB (78755476477) data
                     min         max         mean         sd        +/- sd
time for request:       39us    122.80ms     11.95ms      9.72ms    82.58%
time for connect:     2.97ms    525.18ms     73.21ms     58.08ms    90.04%
time to 1st byte:    38.00ms    571.55ms    106.83ms     57.64ms    92.38%
req/s           :    1393.50     2601.53     1888.84      215.84    66.60%
[info] CPU 1237.0% | Mem 161MiB

[run 2/3]
starting benchmark...
.
4progress: 83% of clients started
.

TLS Protocol: TLSv1.3
Cipher: TLS_AES_128_GCM_SHA256
Server Temp Key: X25519 253 bits
Application protocol: h2

finished in 5.16s, 985238.00 req/s, 15.06GB/s
requests: 4926190 total, 4942574 started, 4926190 done, 4926190 succeeded, 0 failed, 0 errored, 0 timeout
status codes: 4926194 2xx, 0 3xx, 0 4xx, 0 5xx
traffic: 75.31GB (80858524381) total, 565.66MB (593136407) headers (space savings 43.73%), 74.65GB (80150079924) data
                     min         max         mean         sd        +/- sd
time for request:       38us     75.09ms     11.69ms      8.15ms    74.14%
time for connect:     1.70ms    143.04ms     29.70ms     21.71ms    73.83%
time to 1st byte:     7.58ms    175.27ms     52.00ms     22.58ms    75.20%
req/s           :    1476.84     2530.42     1921.56      189.40    67.19%
[info] CPU 1417.1% | Mem 178MiB

[run 3/3]
starting benchmark...

TLS Protocol: TLSv1.3
Cipher: TLS_AES_128_GCM_SHA256
Server Temp Key: X25519 253 bits
Application protocol: h2

finished in 5.12s, 974716.80 req/s, 14.90GB/s
requests: 4873584 total, 4889968 started, 4873584 done, 4873584 succeeded, 0 failed, 0 errored, 0 timeout
status codes: 4873586 2xx, 0 3xx, 0 4xx, 0 5xx
traffic: 74.50GB (79995417176) total, 559.62MB (586803765) headers (space savings 43.73%), 73.85GB (79294536210) data
                     min         max         mean         sd        +/- sd
time for request:       32us    108.67ms     11.82ms      8.67ms    77.42%
time for connect:     2.56ms    124.16ms     33.51ms     20.54ms    57.42%
time to 1st byte:     9.53ms    181.91ms     71.67ms     22.45ms    84.18%
req/s           :    1557.81     2397.67     1901.65      168.50    68.16%
[info] CPU 1277.2% | Mem 198MiB

=== Best: 954688 req/s (CPU: 1417.1%, Mem: 178MiB) ===
[info] dry-run — not saving (use --save to persist)
httparena-bench-agensio
httparena-bench-agensio

==============================================
=== agensio / static-tls / 512c (tool=wrk) ===
==============================================
[info] waiting for server...
[info] server ready

[run 1/3]
Running 5s test @ https://localhost:8081
  12 threads and 512 connections
  Thread Stats   Avg      Stdev     Max   +/- Stdev
    Latency   647.96us    1.22ms  40.39ms   96.73%
    Req/Sec    56.87k     4.78k   69.33k    81.34%
  3457380 requests in 5.10s, 53.22GB read
Requests/sec: 677860.63
Transfer/sec:     10.43GB
[info] CPU 975.2% | Mem 67MiB

[run 2/3]
Running 5s test @ https://localhost:8081
  12 threads and 512 connections
  Thread Stats   Avg      Stdev     Max   +/- Stdev
    Latency   590.53us  618.47us  17.43ms   92.84%
    Req/Sec    57.69k     3.84k   68.12k    80.03%
  3507559 requests in 5.10s, 53.99GB read
Requests/sec: 687388.17
Transfer/sec:     10.58GB
[info] CPU 1072.8% | Mem 70MiB

[run 3/3]
Running 5s test @ https://localhost:8081
  12 threads and 512 connections
  Thread Stats   Avg      Stdev     Max   +/- Stdev
    Latency   617.96us  736.12us  38.36ms   94.07%
    Req/Sec    57.50k     4.63k   97.48k    84.91%
  3449830 requests in 5.10s, 53.10GB read
Requests/sec: 676526.00
Transfer/sec:     10.41GB
[info] CPU 983.2% | Mem 72MiB

=== Best: 687388 req/s (CPU: 1072.8%, Mem: 70MiB) ===
[info] dry-run — not saving (use --save to persist)
httparena-bench-agensio
httparena-bench-agensio
[info] skip: agensio does not subscribe to baseline-h3
[info] skip: agensio does not subscribe to static-h3
[info] skip: agensio does not subscribe to unary-grpc
[info] skip: agensio does not subscribe to unary-grpc-tls
[info] skip: agensio does not subscribe to echo-ws
[info] done
[info] restoring loopback MTU to 65536
