=== agensio / baseline-h2 / 512c (tool=h2load) ===
==============================================
[info] waiting for server...
[info] server ready

[run 1/3]
starting benchmark...
TLS Protocol: TLSv1.3
Cipher: TLS_AES_128_GCM_SHA256
Server Temp Key: X25519 253 bits
Application protocol: h2

finished in 5.17s, 8442764.00 req/s, 217.41MB/s
requests: 42213820 total, 42265020 started, 42213820 done, 42213820 succeeded, 0 failed, 0 errored, 0 timeout
status codes: 42213820 2xx, 0 3xx, 0 4xx, 0 5xx
traffic: 1.06GB (1139877006) total, 322.13MB (337780122) headers (space savings 91.40%), 40.26MB (42213820) data
                     min         max         mean         sd        +/- sd
time for request:      108us     58.69ms      4.49ms      2.53ms    85.10%
time for connect:     4.87ms    185.37ms     60.08ms     27.23ms    80.86%
time to 1st byte:    20.03ms    193.95ms     84.73ms     22.76ms    79.30%
req/s           :   13272.27    19574.10    16483.23     1667.94    56.05%
[info] CPU 1037.2% | Mem 130MiB

[run 2/3]
starting benchmark...
TLS Protocol: TLSv1.3
Cipher: TLS_AES_128_GCM_SHA256
Server Temp Key: X25519 253 bits
Application protocol: h2

finished in 5.14s, 8693889.00 req/s, 223.88MB/s
requests: 43469445 total, 43520645 started, 43469445 done, 43469445 succeeded, 0 failed, 0 errored, 0 timeout
status codes: 43469445 2xx, 0 3xx, 0 4xx, 0 5xx
traffic: 1.09GB (1173788679) total, 331.72MB (347834920) headers (space savings 91.40%), 41.46MB (43469445) data
                     min         max         mean         sd        +/- sd
time for request:       92us     23.69ms      4.09ms      1.85ms    71.62%
time for connect:     3.36ms     65.67ms     16.26ms      8.43ms    66.99%
time to 1st byte:    20.65ms     74.51ms     33.62ms      9.19ms    64.65%
req/s           :   12796.31    21393.67    16974.43     1975.92    65.43%
[info] CPU 1146.9% | Mem 130MiB

[run 3/3]
starting benchmark...
TLS Protocol: TLSv1.3
Cipher: TLS_AES_128_GCM_SHA256
Server Temp Key: X25519 253 bits
Application protocol: h2


finished in 5.14s, 8697142.00 req/s, 223.97MB/s
requests: 43485710 total, 43536910 started, 43485710 done, 43485710 succeeded, 0 failed, 0 errored, 0 timeout
status codes: 43485710 2xx, 0 3xx, 0 4xx, 0 5xx
traffic: 1.09GB (1174227834) total, 331.85MB (347965040) headers (space savings 91.40%), 41.47MB (43485710) data
                     min         max         mean         sd        +/- sd
time for request:      129us     24.39ms      4.47ms      2.06ms    67.80%
time for connect:     3.47ms    100.33ms     16.96ms     11.27ms    83.59%
time to 1st byte:    18.79ms    107.42ms     32.25ms      8.99ms    89.65%
req/s           :   12395.37    26797.26    16981.93     3250.44    77.15%
[info] CPU 1041.8% | Mem 138MiB

=== Best: 8460254 req/s (CPU: 1041.8%, Mem: 138MiB) ===
[info] dry-run — not saving (use --save to persist)
httparena-bench-agensio
httparena-bench-agensio
[info] done
[info] restoring loopback MTU to 65536
