=== agensio / baseline-h2c / 512c (tool=h2load) ===
==============================================
[info] waiting for server...
[info] server ready

[run 1/3]
starting benchmark...
Application protocol: h2c

finished in 5.16s, 3737804.00 req/s, 238.84MB/s
requests: 18689020 total, 18740220 started, 18689020 done, 18689020 succeeded, 0 failed, 0 errored, 0 timeout
status codes: 18689020 2xx, 0 3xx, 0 4xx, 0 5xx
traffic: 1.17GB (1252198644) total, 855.52MB (897072960) headers (space savings 48.39%), 17.82MB (18689020) data
                     min         max         mean         sd        +/- sd
time for request:       27us    840.91ms     13.62ms     19.79ms    88.03%
time for connect:       27us     41.77ms      1.19ms      4.79ms    98.63%
time to 1st byte:     3.60ms    843.19ms     86.33ms    148.03ms    88.48%
req/s           :    4076.50    11026.78     7298.86     1219.62    70.31%
[info] CPU 1076.2% | Mem 51MiB

[run 2/3]
starting benchmark...
Application protocol: h2c

finished in 5.12s, 3737318.20 req/s, 238.81MB/s
requests: 18686591 total, 18737791 started, 18686591 done, 18686591 succeeded, 0 failed, 0 errored, 0 timeout
status codes: 18686591 2xx, 0 3xx, 0 4xx, 0 5xx
traffic: 1.17GB (1252035901) total, 855.40MB (896956368) headers (space savings 48.39%), 17.82MB (18686591) data
                     min         max         mean         sd        +/- sd
time for request:       25us    113.46ms     13.01ms     14.27ms    82.47%
time for connect:       31us     30.02ms      1.91ms      5.51ms    96.29%
time to 1st byte:     3.00ms    116.47ms      9.63ms      9.44ms    94.73%
req/s           :    4814.11    10327.63     7297.27     1067.55    69.14%
[info] CPU 1203.6% | Mem 47MiB

[run 3/3]
starting benchmark...
Application protocol: h2c

finished in 5.19s, 3766685.60 req/s, 240.68MB/s
requests: 18833428 total, 18884628 started, 18833428 done, 18833428 succeeded, 0 failed, 0 errored, 0 timeout
status codes: 18833428 2xx, 0 3xx, 0 4xx, 0 5xx
traffic: 1.18GB (1261873980) total, 862.13MB (904004544) headers (space savings 48.39%), 17.96MB (18833428) data
                     min         max         mean         sd        +/- sd
time for request:       24us    552.43ms     12.84ms     16.54ms    85.91%
time for connect:       31us      2.06ms       580us       453us    67.58%
time to 1st byte:     2.93ms    553.98ms     44.44ms     89.27ms    87.11%
req/s           :    5272.63    10746.43     7354.36     1088.63    69.73%
[info] CPU 1101.3% | Mem 48MiB

=== Best: 3649724 req/s (CPU: 1203.6%, Mem: 47MiB) ===
[info] dry-run — not saving (use --save to persist)
httparena-bench-agensio
httparena-bench-agensio
[info] done
[info] restoring loopback MTU to 65536
