=== agensio / baseline-h2c / 512c (tool=h2load) ===
==============================================
[info] waiting for server...
[info] server ready

[run 1/3]
starting benchmark...
Application protocol: h2c

finished in 5.17s, 9341106.00 req/s, 240.55MB/s
requests: 46705530 total, 46756730 started, 46705530 done, 46705530 succeeded, 0 failed, 0 errored, 0 timeout
status codes: 46705530 2xx, 0 3xx, 0 4xx, 0 5xx
traffic: 1.17GB (1261164510) total, 356.41MB (373725136) headers (space savings 91.40%), 44.54MB (46705530) data
                     min         max         mean         sd        +/- sd
time for request:      113us    144.56ms      4.30ms      5.26ms    98.36%
time for connect:       26us     45.33ms       880us      3.44ms    99.41%
time to 1st byte:     9.72ms    146.90ms     46.94ms     25.81ms    63.67%
req/s           :   14498.68    22712.72    18240.15     1915.13    67.38%
[info] CPU 1010.0% | Mem 104MiB

[run 2/3]
starting benchmark...
Application protocol: h2c

finished in 5.13s, 9530027.00 req/s, 245.41MB/s
requests: 47650135 total, 47701335 started, 47650135 done, 47650135 succeeded, 0 failed, 0 errored, 0 timeout
status codes: 47650135 2xx, 0 3xx, 0 4xx, 0 5xx
traffic: 1.20GB (1286667914) total, 363.62MB (381281045) headers (space savings 91.40%), 45.44MB (47650135) data
                     min         max         mean         sd        +/- sd
time for request:      125us     17.30ms      3.92ms      1.72ms    65.51%
time for connect:       27us     41.58ms       917us      3.16ms    99.41%
time to 1st byte:     3.02ms     46.50ms      5.78ms      3.40ms    98.24%
req/s           :   15396.56    24765.11    18606.42     2391.14    67.77%
[info] CPU 1177.0% | Mem 102MiB

[run 3/3]
starting benchmark...
Application protocol: h2c
2. Stopping all clients.

finished in 5.15s, 9500089.00 req/s, 244.64MB/s
requests: 47500445 total, 47551645 started, 47500445 done, 47500445 succeeded, 0 failed, 0 errored, 0 timeout
status codes: 47500445 2xx, 0 3xx, 0 4xx, 0 5xx
traffic: 1.19GB (1282628239) total, 362.48MB (380085480) headers (space savings 91.40%), 45.30MB (47500445) data
                     min         max         mean         sd        +/- sd
time for request:       49us     35.33ms      4.08ms      1.79ms    70.29%
time for connect:       29us     37.98ms       832us      1.74ms    99.80%
time to 1st byte:     3.06ms     42.29ms      6.90ms      2.91ms    91.41%
req/s           :   14797.41    22030.96    18550.72     1705.58    65.82%
[info] CPU 1057.3% | Mem 103MiB

=== Best: 9288525 req/s (CPU: 1177.0%, Mem: 102MiB) ===
[info] dry-run — not saving (use --save to persist)
httparena-bench-agensio
httparena-bench-agensio
[info] done
[info] restoring loopback MTU to 65536
